// Jest Snapshot v1, https://goo.gl/fbAQLP

exports[`render/component Page404 1`] = `
<div>
  <h1>
    404
  </h1>
  <Link
    replace={false}
    to="/"
  >
    Back to home
  </Link>
</div>
`;
