// Jest Snapshot v1, https://goo.gl/fbAQLP

exports[`render/component PageAdd render 1`] = `
<div>
  <h1>
    Új kiadás:
  </h1>
  <ExpenseForm
    onSubmit={[Function]}
  />
</div>
`;
