// Jest Snapshot v1, https://goo.gl/fbAQLP

exports[`render/component PageHome 1`] = `
<div>
  <h1>
    Hoooome
  </h1>
  <Connect(ExpenseListFilters) />
  <Connect(ExpenseList) />
</div>
`;
